// Jest Snapshot v1, https://goo.gl/fbAQLP

exports[`renders correctly with only required props 1`] = `<View />`;
